// Jest Snapshot v1, https://goo.gl/fbAQLP

exports[`PixeleasierSVG should render a PixeleasierSVG component with size 5px 1`] = `
<div
  class="pixeleasier-container"
>
  <svg
    class="pixeleasier-draw"
    height="80"
    width="70"
  >
    <rect
      class="pixeleasier-pixel"
      height="5"
      style="fill:transparent"
      width="5"
      x="0"
      y="0"
    />
    <rect
      class="pixeleasier-pixel"
      height="5"
      style="fill:transparent"
      width="5"
      x="5"
      y="0"
    />
    <rect
      class="pixeleasier-pixel"
      height="5"
      style="fill:#0F3239"
      width="5"
      x="10"
      y="0"
    />
    <rect
      class="pixeleasier-pixel"
      height="5"
      style="fill:#0F3239"
      width="5"
      x="15"
      y="0"
    />
    <rect
      class="pixeleasier-pixel"
      height="5"
      style="fill:transparent"
      width="5"
      x="20"
      y="0"
    />
    <rect
      class="pixeleasier-pixel"
      height="5"
      style="fill:transparent"
      width="5"
      x="25"
      y="0"
    />
    <rect
      class="pixeleasier-pixel"
      height="5"
      style="fill:transparent"
      width="5"
      x="30"
      y="0"
    />
    <rect
      class="pixeleasier-pixel"
      height="5"
      style="fill:transparent"
      width="5"
      x="35"
      y="0"
    />
    <rect
      class="pixeleasier-pixel"
      height="5"
      style="fill:transparent"
      width="5"
      x="40"
      y="0"
    />
    <rect
      class="pixeleasier-pixel"
      height="5"
      style="fill:transparent"
      width="5"
      x="45"
      y="0"
    />
    <rect
      class="pixeleasier-pixel"
      height="5"
      style="fill:#0F3239"
      width="5"
      x="50"
      y="0"
    />
    <rect
      class="pixeleasier-pixel"
      height="5"
      style="fill:#0F3239"
      width="5"
      x="55"
      y="0"
    />
    <rect
      class="pixeleasier-pixel"
      height="5"
      style="fill:transparent"
      width="5"
      x="60"
      y="0"
    />
    <rect
      class="pixeleasier-pixel"
      height="5"
      style="fill:transparent"
      width="5"
      x="65"
      y="0"
    />
    <rect
      class="pixeleasier-pixel"
      height="5"
      style="fill:transparent"
      width="5"
      x="0"
      y="5"
    />
    <rect
      class="pixeleasier-pixel"
      height="5"
      style="fill:#0F3239"
      width="5"
      x="5"
      y="5"
    />
    <rect
      class="pixeleasier-pixel"
      height="5"
      style="fill:#FFFFFF"
      width="5"
      x="10"
      y="5"
    />
    <rect
      class="pixeleasier-pixel"
      height="5"
      style="fill:#FFFFFF"
      width="5"
      x="15"
      y="5"
    />
    <rect
      class="pixeleasier-pixel"
      height="5"
      style="fill:#0F3239"
      width="5"
      x="20"
      y="5"
    />
    <rect
      class="pixeleasier-pixel"
      height="5"
      style="fill:#0F3239"
      width="5"
      x="25"
      y="5"
    />
    <rect
      class="pixeleasier-pixel"
      height="5"
      style="fill:#0F3239"
      width="5"
      x="30"
      y="5"
    />
    <rect
      class="pixeleasier-pixel"
      height="5"
      style="fill:#0F3239"
      width="5"
      x="35"
      y="5"
    />
    <rect
      class="pixeleasier-pixel"
      height="5"
      style="fill:#0F3239"
      width="5"
      x="40"
      y="5"
    />
    <rect
      class="pixeleasier-pixel"
      height="5"
      style="fill:#0F3239"
      width="5"
      x="45"
      y="5"
    />
    <rect
      class="pixeleasier-pixel"
      height="5"
      style="fill:#FFFFFF"
      width="5"
      x="50"
      y="5"
    />
    <rect
      class="pixeleasier-pixel"
      height="5"
      style="fill:#FFFFFF"
      width="5"
      x="55"
      y="5"
    />
    <rect
      class="pixeleasier-pixel"
      height="5"
      style="fill:#0F3239"
      width="5"
      x="60"
      y="5"
    />
    <rect
      class="pixeleasier-pixel"
      height="5"
      style="fill:transparent"
      width="5"
      x="65"
      y="5"
    />
    <rect
      class="pixeleasier-pixel"
      height="5"
      style="fill:transparent"
      width="5"
      x="0"
      y="10"
    />
    <rect
      class="pixeleasier-pixel"
      height="5"
      style="fill:#0F3239"
      width="5"
      x="5"
      y="10"
    />
    <rect
      class="pixeleasier-pixel"
      height="5"
      style="fill:#FFFFFF"
      width="5"
      x="10"
      y="10"
    />
    <rect
      class="pixeleasier-pixel"
      height="5"
      style="fill:#FFFFFF"
      width="5"
      x="15"
      y="10"
    />
    <rect
      class="pixeleasier-pixel"
      height="5"
      style="fill:#FFFFFF"
      width="5"
      x="20"
      y="10"
    />
    <rect
      class="pixeleasier-pixel"
      height="5"
      style="fill:#FFFFFF"
      width="5"
      x="25"
      y="10"
    />
    <rect
      class="pixeleasier-pixel"
      height="5"
      style="fill:#FFFFFF"
      width="5"
      x="30"
      y="10"
    />
    <rect
      class="pixeleasier-pixel"
      height="5"
      style="fill:#FFFFFF"
      width="5"
      x="35"
      y="10"
    />
    <rect
      class="pixeleasier-pixel"
      height="5"
      style="fill:#FFFFFF"
      width="5"
      x="40"
      y="10"
    />
    <rect
      class="pixeleasier-pixel"
      height="5"
      style="fill:#FFFFFF"
      width="5"
      x="45"
      y="10"
    />
    <rect
      class="pixeleasier-pixel"
      height="5"
      style="fill:#FFFFFF"
      width="5"
      x="50"
      y="10"
    />
    <rect
      class="pixeleasier-pixel"
      height="5"
      style="fill:#FFFFFF"
      width="5"
      x="55"
      y="10"
    />
    <rect
      class="pixeleasier-pixel"
      height="5"
      style="fill:#0F3239"
      width="5"
      x="60"
      y="10"
    />
    <rect
      class="pixeleasier-pixel"
      height="5"
      style="fill:transparent"
      width="5"
      x="65"
      y="10"
    />
    <rect
      class="pixeleasier-pixel"
      height="5"
      style="fill:transparent"
      width="5"
      x="0"
      y="15"
    />
    <rect
      class="pixeleasier-pixel"
      height="5"
      style="fill:#0F3239"
      width="5"
      x="5"
      y="15"
    />
    <rect
      class="pixeleasier-pixel"
      height="5"
      style="fill:#FFFFFF"
      width="5"
      x="10"
      y="15"
    />
    <rect
      class="pixeleasier-pixel"
      height="5"
      style="fill:#FFFFFF"
      width="5"
      x="15"
      y="15"
    />
    <rect
      class="pixeleasier-pixel"
      height="5"
      style="fill:#F6DBD9"
      width="5"
      x="20"
      y="15"
    />
    <rect
      class="pixeleasier-pixel"
      height="5"
      style="fill:#F6DBD9"
      width="5"
      x="25"
      y="15"
    />
    <rect
      class="pixeleasier-pixel"
      height="5"
      style="fill:#F6DBD9"
      width="5"
      x="30"
      y="15"
    />
    <rect
      class="pixeleasier-pixel"
      height="5"
      style="fill:#F6DBD9"
      width="5"
      x="35"
      y="15"
    />
    <rect
      class="pixeleasier-pixel"
      height="5"
      style="fill:#F6DBD9"
      width="5"
      x="40"
      y="15"
    />
    <rect
      class="pixeleasier-pixel"
      height="5"
      style="fill:#F6DBD9"
      width="5"
      x="45"
      y="15"
    />
    <rect
      class="pixeleasier-pixel"
      height="5"
      style="fill:#FFFFFF"
      width="5"
      x="50"
      y="15"
    />
    <rect
      class="pixeleasier-pixel"
      height="5"
      style="fill:#FFFFFF"
      width="5"
      x="55"
      y="15"
    />
    <rect
      class="pixeleasier-pixel"
      height="5"
      style="fill:#0F3239"
      width="5"
      x="60"
      y="15"
    />
    <rect
      class="pixeleasier-pixel"
      height="5"
      style="fill:transparent"
      width="5"
      x="65"
      y="15"
    />
    <rect
      class="pixeleasier-pixel"
      height="5"
      style="fill:transparent"
      width="5"
      x="0"
      y="20"
    />
    <rect
      class="pixeleasier-pixel"
      height="5"
      style="fill:#0F3239"
      width="5"
      x="5"
      y="20"
    />
    <rect
      class="pixeleasier-pixel"
      height="5"
      style="fill:#FFFFFF"
      width="5"
      x="10"
      y="20"
    />
    <rect
      class="pixeleasier-pixel"
      height="5"
      style="fill:#F6DBD9"
      width="5"
      x="15"
      y="20"
    />
    <rect
      class="pixeleasier-pixel"
      height="5"
      style="fill:#F6DBD9"
      width="5"
      x="20"
      y="20"
    />
    <rect
      class="pixeleasier-pixel"
      height="5"
      style="fill:#F6DBD9"
      width="5"
      x="25"
      y="20"
    />
    <rect
      class="pixeleasier-pixel"
      height="5"
      style="fill:#F6DBD9"
      width="5"
      x="30"
      y="20"
    />
    <rect
      class="pixeleasier-pixel"
      height="5"
      style="fill:#F6DBD9"
      width="5"
      x="35"
      y="20"
    />
    <rect
      class="pixeleasier-pixel"
      height="5"
      style="fill:#F6DBD9"
      width="5"
      x="40"
      y="20"
    />
    <rect
      class="pixeleasier-pixel"
      height="5"
      style="fill:#F6DBD9"
      width="5"
      x="45"
      y="20"
    />
    <rect
      class="pixeleasier-pixel"
      height="5"
      style="fill:#F6DBD9"
      width="5"
      x="50"
      y="20"
    />
    <rect
      class="pixeleasier-pixel"
      height="5"
      style="fill:#FFFFFF"
      width="5"
      x="55"
      y="20"
    />
    <rect
      class="pixeleasier-pixel"
      height="5"
      style="fill:#0F3239"
      width="5"
      x="60"
      y="20"
    />
    <rect
      class="pixeleasier-pixel"
      height="5"
      style="fill:transparent"
      width="5"
      x="65"
      y="20"
    />
    <rect
      class="pixeleasier-pixel"
      height="5"
      style="fill:transparent"
      width="5"
      x="0"
      y="25"
    />
    <rect
      class="pixeleasier-pixel"
      height="5"
      style="fill:#0F3239"
      width="5"
      x="5"
      y="25"
    />
    <rect
      class="pixeleasier-pixel"
      height="5"
      style="fill:#FFFFFF"
      width="5"
      x="10"
      y="25"
    />
    <rect
      class="pixeleasier-pixel"
      height="5"
      style="fill:#F6DBD9"
      width="5"
      x="15"
      y="25"
    />
    <rect
      class="pixeleasier-pixel"
      height="5"
      style="fill:#0F3239"
      width="5"
      x="20"
      y="25"
    />
    <rect
      class="pixeleasier-pixel"
      height="5"
      style="fill:#F6DBD9"
      width="5"
      x="25"
      y="25"
    />
    <rect
      class="pixeleasier-pixel"
      height="5"
      style="fill:#F6DBD9"
      width="5"
      x="30"
      y="25"
    />
    <rect
      class="pixeleasier-pixel"
      height="5"
      style="fill:#F6DBD9"
      width="5"
      x="35"
      y="25"
    />
    <rect
      class="pixeleasier-pixel"
      height="5"
      style="fill:#F6DBD9"
      width="5"
      x="40"
      y="25"
    />
    <rect
      class="pixeleasier-pixel"
      height="5"
      style="fill:#0F3239"
      width="5"
      x="45"
      y="25"
    />
    <rect
      class="pixeleasier-pixel"
      height="5"
      style="fill:#F6DBD9"
      width="5"
      x="50"
      y="25"
    />
    <rect
      class="pixeleasier-pixel"
      height="5"
      style="fill:#FFFFFF"
      width="5"
      x="55"
      y="25"
    />
    <rect
      class="pixeleasier-pixel"
      height="5"
      style="fill:#0F3239"
      width="5"
      x="60"
      y="25"
    />
    <rect
      class="pixeleasier-pixel"
      height="5"
      style="fill:transparent"
      width="5"
      x="65"
      y="25"
    />
    <rect
      class="pixeleasier-pixel"
      height="5"
      style="fill:transparent"
      width="5"
      x="0"
      y="30"
    />
    <rect
      class="pixeleasier-pixel"
      height="5"
      style="fill:#0F3239"
      width="5"
      x="5"
      y="30"
    />
    <rect
      class="pixeleasier-pixel"
      height="5"
      style="fill:#FFFFFF"
      width="5"
      x="10"
      y="30"
    />
    <rect
      class="pixeleasier-pixel"
      height="5"
      style="fill:#F6DBD9"
      width="5"
      x="15"
      y="30"
    />
    <rect
      class="pixeleasier-pixel"
      height="5"
      style="fill:#F6DBD9"
      width="5"
      x="20"
      y="30"
    />
    <rect
      class="pixeleasier-pixel"
      height="5"
      style="fill:#F6DBD9"
      width="5"
      x="25"
      y="30"
    />
    <rect
      class="pixeleasier-pixel"
      height="5"
      style="fill:#0F3239"
      width="5"
      x="30"
      y="30"
    />
    <rect
      class="pixeleasier-pixel"
      height="5"
      style="fill:#0F3239"
      width="5"
      x="35"
      y="30"
    />
    <rect
      class="pixeleasier-pixel"
      height="5"
      style="fill:#F6DBD9"
      width="5"
      x="40"
      y="30"
    />
    <rect
      class="pixeleasier-pixel"
      height="5"
      style="fill:#F6DBD9"
      width="5"
      x="45"
      y="30"
    />
    <rect
      class="pixeleasier-pixel"
      height="5"
      style="fill:#F6DBD9"
      width="5"
      x="50"
      y="30"
    />
    <rect
      class="pixeleasier-pixel"
      height="5"
      style="fill:#FFFFFF"
      width="5"
      x="55"
      y="30"
    />
    <rect
      class="pixeleasier-pixel"
      height="5"
      style="fill:#0F3239"
      width="5"
      x="60"
      y="30"
    />
    <rect
      class="pixeleasier-pixel"
      height="5"
      style="fill:transparent"
      width="5"
      x="65"
      y="30"
    />
    <rect
      class="pixeleasier-pixel"
      height="5"
      style="fill:transparent"
      width="5"
      x="0"
      y="35"
    />
    <rect
      class="pixeleasier-pixel"
      height="5"
      style="fill:#0F3239"
      width="5"
      x="5"
      y="35"
    />
    <rect
      class="pixeleasier-pixel"
      height="5"
      style="fill:#FFFFFF"
      width="5"
      x="10"
      y="35"
    />
    <rect
      class="pixeleasier-pixel"
      height="5"
      style="fill:#FFFFFF"
      width="5"
      x="15"
      y="35"
    />
    <rect
      class="pixeleasier-pixel"
      height="5"
      style="fill:#F6DBD9"
      width="5"
      x="20"
      y="35"
    />
    <rect
      class="pixeleasier-pixel"
      height="5"
      style="fill:#F6DBD9"
      width="5"
      x="25"
      y="35"
    />
    <rect
      class="pixeleasier-pixel"
      height="5"
      style="fill:#F6DBD9"
      width="5"
      x="30"
      y="35"
    />
    <rect
      class="pixeleasier-pixel"
      height="5"
      style="fill:#F6DBD9"
      width="5"
      x="35"
      y="35"
    />
    <rect
      class="pixeleasier-pixel"
      height="5"
      style="fill:#F6DBD9"
      width="5"
      x="40"
      y="35"
    />
    <rect
      class="pixeleasier-pixel"
      height="5"
      style="fill:#F6DBD9"
      width="5"
      x="45"
      y="35"
    />
    <rect
      class="pixeleasier-pixel"
      height="5"
      style="fill:#FFFFFF"
      width="5"
      x="50"
      y="35"
    />
    <rect
      class="pixeleasier-pixel"
      height="5"
      style="fill:#FFFFFF"
      width="5"
      x="55"
      y="35"
    />
    <rect
      class="pixeleasier-pixel"
      height="5"
      style="fill:#0F3239"
      width="5"
      x="60"
      y="35"
    />
    <rect
      class="pixeleasier-pixel"
      height="5"
      style="fill:transparent"
      width="5"
      x="65"
      y="35"
    />
    <rect
      class="pixeleasier-pixel"
      height="5"
      style="fill:#0F3239"
      width="5"
      x="0"
      y="40"
    />
    <rect
      class="pixeleasier-pixel"
      height="5"
      style="fill:#71BE4E"
      width="5"
      x="5"
      y="40"
    />
    <rect
      class="pixeleasier-pixel"
      height="5"
      style="fill:#71BE4E"
      width="5"
      x="10"
      y="40"
    />
    <rect
      class="pixeleasier-pixel"
      height="5"
      style="fill:#FFFFFF"
      width="5"
      x="15"
      y="40"
    />
    <rect
      class="pixeleasier-pixel"
      height="5"
      style="fill:#FFFFFF"
      width="5"
      x="20"
      y="40"
    />
    <rect
      class="pixeleasier-pixel"
      height="5"
      style="fill:#FFFFFF"
      width="5"
      x="25"
      y="40"
    />
    <rect
      class="pixeleasier-pixel"
      height="5"
      style="fill:#FFFFFF"
      width="5"
      x="30"
      y="40"
    />
    <rect
      class="pixeleasier-pixel"
      height="5"
      style="fill:#FFFFFF"
      width="5"
      x="35"
      y="40"
    />
    <rect
      class="pixeleasier-pixel"
      height="5"
      style="fill:#FFFFFF"
      width="5"
      x="40"
      y="40"
    />
    <rect
      class="pixeleasier-pixel"
      height="5"
      style="fill:#FFFFFF"
      width="5"
      x="45"
      y="40"
    />
    <rect
      class="pixeleasier-pixel"
      height="5"
      style="fill:#FFFFFF"
      width="5"
      x="50"
      y="40"
    />
    <rect
      class="pixeleasier-pixel"
      height="5"
      style="fill:#71BE4E"
      width="5"
      x="55"
      y="40"
    />
    <rect
      class="pixeleasier-pixel"
      height="5"
      style="fill:#71BE4E"
      width="5"
      x="60"
      y="40"
    />
    <rect
      class="pixeleasier-pixel"
      height="5"
      style="fill:#0F3239"
      width="5"
      x="65"
      y="40"
    />
    <rect
      class="pixeleasier-pixel"
      height="5"
      style="fill:#0F3239"
      width="5"
      x="0"
      y="45"
    />
    <rect
      class="pixeleasier-pixel"
      height="5"
      style="fill:#F6DBD9"
      width="5"
      x="5"
      y="45"
    />
    <rect
      class="pixeleasier-pixel"
      height="5"
      style="fill:#71BE4E"
      width="5"
      x="10"
      y="45"
    />
    <rect
      class="pixeleasier-pixel"
      height="5"
      style="fill:#49C9F3"
      width="5"
      x="15"
      y="45"
    />
    <rect
      class="pixeleasier-pixel"
      height="5"
      style="fill:#49C9F3"
      width="5"
      x="20"
      y="45"
    />
    <rect
      class="pixeleasier-pixel"
      height="5"
      style="fill:#49C9F3"
      width="5"
      x="25"
      y="45"
    />
    <rect
      class="pixeleasier-pixel"
      height="5"
      style="fill:#49C9F3"
      width="5"
      x="30"
      y="45"
    />
    <rect
      class="pixeleasier-pixel"
      height="5"
      style="fill:#49C9F3"
      width="5"
      x="35"
      y="45"
    />
    <rect
      class="pixeleasier-pixel"
      height="5"
      style="fill:#49C9F3"
      width="5"
      x="40"
      y="45"
    />
    <rect
      class="pixeleasier-pixel"
      height="5"
      style="fill:#49C9F3"
      width="5"
      x="45"
      y="45"
    />
    <rect
      class="pixeleasier-pixel"
      height="5"
      style="fill:#49C9F3"
      width="5"
      x="50"
      y="45"
    />
    <rect
      class="pixeleasier-pixel"
      height="5"
      style="fill:#71BE4E"
      width="5"
      x="55"
      y="45"
    />
    <rect
      class="pixeleasier-pixel"
      height="5"
      style="fill:#F6DBD9"
      width="5"
      x="60"
      y="45"
    />
    <rect
      class="pixeleasier-pixel"
      height="5"
      style="fill:#0F3239"
      width="5"
      x="65"
      y="45"
    />
    <rect
      class="pixeleasier-pixel"
      height="5"
      style="fill:#0F3239"
      width="5"
      x="0"
      y="50"
    />
    <rect
      class="pixeleasier-pixel"
      height="5"
      style="fill:#F6DBD9"
      width="5"
      x="5"
      y="50"
    />
    <rect
      class="pixeleasier-pixel"
      height="5"
      style="fill:#71BE4E"
      width="5"
      x="10"
      y="50"
    />
    <rect
      class="pixeleasier-pixel"
      height="5"
      style="fill:#49C9F3"
      width="5"
      x="15"
      y="50"
    />
    <rect
      class="pixeleasier-pixel"
      height="5"
      style="fill:#49C9F3"
      width="5"
      x="20"
      y="50"
    />
    <rect
      class="pixeleasier-pixel"
      height="5"
      style="fill:#49C9F3"
      width="5"
      x="25"
      y="50"
    />
    <rect
      class="pixeleasier-pixel"
      height="5"
      style="fill:#49C9F3"
      width="5"
      x="30"
      y="50"
    />
    <rect
      class="pixeleasier-pixel"
      height="5"
      style="fill:#49C9F3"
      width="5"
      x="35"
      y="50"
    />
    <rect
      class="pixeleasier-pixel"
      height="5"
      style="fill:#49C9F3"
      width="5"
      x="40"
      y="50"
    />
    <rect
      class="pixeleasier-pixel"
      height="5"
      style="fill:#49C9F3"
      width="5"
      x="45"
      y="50"
    />
    <rect
      class="pixeleasier-pixel"
      height="5"
      style="fill:#49C9F3"
      width="5"
      x="50"
      y="50"
    />
    <rect
      class="pixeleasier-pixel"
      height="5"
      style="fill:#71BE4E"
      width="5"
      x="55"
      y="50"
    />
    <rect
      class="pixeleasier-pixel"
      height="5"
      style="fill:#F6DBD9"
      width="5"
      x="60"
      y="50"
    />
    <rect
      class="pixeleasier-pixel"
      height="5"
      style="fill:#0F3239"
      width="5"
      x="65"
      y="50"
    />
    <rect
      class="pixeleasier-pixel"
      height="5"
      style="fill:#0F3239"
      width="5"
      x="0"
      y="55"
    />
    <rect
      class="pixeleasier-pixel"
      height="5"
      style="fill:#F6DBD9"
      width="5"
      x="5"
      y="55"
    />
    <rect
      class="pixeleasier-pixel"
      height="5"
      style="fill:#49C9F3"
      width="5"
      x="10"
      y="55"
    />
    <rect
      class="pixeleasier-pixel"
      height="5"
      style="fill:#49C9F3"
      width="5"
      x="15"
      y="55"
    />
    <rect
      class="pixeleasier-pixel"
      height="5"
      style="fill:#49C9F3"
      width="5"
      x="20"
      y="55"
    />
    <rect
      class="pixeleasier-pixel"
      height="5"
      style="fill:#49C9F3"
      width="5"
      x="25"
      y="55"
    />
    <rect
      class="pixeleasier-pixel"
      height="5"
      style="fill:#49C9F3"
      width="5"
      x="30"
      y="55"
    />
    <rect
      class="pixeleasier-pixel"
      height="5"
      style="fill:#49C9F3"
      width="5"
      x="35"
      y="55"
    />
    <rect
      class="pixeleasier-pixel"
      height="5"
      style="fill:#49C9F3"
      width="5"
      x="40"
      y="55"
    />
    <rect
      class="pixeleasier-pixel"
      height="5"
      style="fill:#49C9F3"
      width="5"
      x="45"
      y="55"
    />
    <rect
      class="pixeleasier-pixel"
      height="5"
      style="fill:#49C9F3"
      width="5"
      x="50"
      y="55"
    />
    <rect
      class="pixeleasier-pixel"
      height="5"
      style="fill:#49C9F3"
      width="5"
      x="55"
      y="55"
    />
    <rect
      class="pixeleasier-pixel"
      height="5"
      style="fill:#F6DBD9"
      width="5"
      x="60"
      y="55"
    />
    <rect
      class="pixeleasier-pixel"
      height="5"
      style="fill:#0F3239"
      width="5"
      x="65"
      y="55"
    />
    <rect
      class="pixeleasier-pixel"
      height="5"
      style="fill:transparent"
      width="5"
      x="0"
      y="60"
    />
    <rect
      class="pixeleasier-pixel"
      height="5"
      style="fill:#0F3239"
      width="5"
      x="5"
      y="60"
    />
    <rect
      class="pixeleasier-pixel"
      height="5"
      style="fill:#49C9F3"
      width="5"
      x="10"
      y="60"
    />
    <rect
      class="pixeleasier-pixel"
      height="5"
      style="fill:#49C9F3"
      width="5"
      x="15"
      y="60"
    />
    <rect
      class="pixeleasier-pixel"
      height="5"
      style="fill:#49C9F3"
      width="5"
      x="20"
      y="60"
    />
    <rect
      class="pixeleasier-pixel"
      height="5"
      style="fill:#49C9F3"
      width="5"
      x="25"
      y="60"
    />
    <rect
      class="pixeleasier-pixel"
      height="5"
      style="fill:#49C9F3"
      width="5"
      x="30"
      y="60"
    />
    <rect
      class="pixeleasier-pixel"
      height="5"
      style="fill:#49C9F3"
      width="5"
      x="35"
      y="60"
    />
    <rect
      class="pixeleasier-pixel"
      height="5"
      style="fill:#49C9F3"
      width="5"
      x="40"
      y="60"
    />
    <rect
      class="pixeleasier-pixel"
      height="5"
      style="fill:#49C9F3"
      width="5"
      x="45"
      y="60"
    />
    <rect
      class="pixeleasier-pixel"
      height="5"
      style="fill:#49C9F3"
      width="5"
      x="50"
      y="60"
    />
    <rect
      class="pixeleasier-pixel"
      height="5"
      style="fill:#49C9F3"
      width="5"
      x="55"
      y="60"
    />
    <rect
      class="pixeleasier-pixel"
      height="5"
      style="fill:#0F3239"
      width="5"
      x="60"
      y="60"
    />
    <rect
      class="pixeleasier-pixel"
      height="5"
      style="fill:transparent"
      width="5"
      x="65"
      y="60"
    />
    <rect
      class="pixeleasier-pixel"
      height="5"
      style="fill:transparent"
      width="5"
      x="0"
      y="65"
    />
    <rect
      class="pixeleasier-pixel"
      height="5"
      style="fill:#0F3239"
      width="5"
      x="5"
      y="65"
    />
    <rect
      class="pixeleasier-pixel"
      height="5"
      style="fill:#426AB0"
      width="5"
      x="10"
      y="65"
    />
    <rect
      class="pixeleasier-pixel"
      height="5"
      style="fill:#426AB0"
      width="5"
      x="15"
      y="65"
    />
    <rect
      class="pixeleasier-pixel"
      height="5"
      style="fill:#426AB0"
      width="5"
      x="20"
      y="65"
    />
    <rect
      class="pixeleasier-pixel"
      height="5"
      style="fill:#426AB0"
      width="5"
      x="25"
      y="65"
    />
    <rect
      class="pixeleasier-pixel"
      height="5"
      style="fill:#426AB0"
      width="5"
      x="30"
      y="65"
    />
    <rect
      class="pixeleasier-pixel"
      height="5"
      style="fill:#426AB0"
      width="5"
      x="35"
      y="65"
    />
    <rect
      class="pixeleasier-pixel"
      height="5"
      style="fill:#426AB0"
      width="5"
      x="40"
      y="65"
    />
    <rect
      class="pixeleasier-pixel"
      height="5"
      style="fill:#426AB0"
      width="5"
      x="45"
      y="65"
    />
    <rect
      class="pixeleasier-pixel"
      height="5"
      style="fill:#426AB0"
      width="5"
      x="50"
      y="65"
    />
    <rect
      class="pixeleasier-pixel"
      height="5"
      style="fill:#426AB0"
      width="5"
      x="55"
      y="65"
    />
    <rect
      class="pixeleasier-pixel"
      height="5"
      style="fill:#0F3239"
      width="5"
      x="60"
      y="65"
    />
    <rect
      class="pixeleasier-pixel"
      height="5"
      style="fill:transparent"
      width="5"
      x="65"
      y="65"
    />
    <rect
      class="pixeleasier-pixel"
      height="5"
      style="fill:transparent"
      width="5"
      x="0"
      y="70"
    />
    <rect
      class="pixeleasier-pixel"
      height="5"
      style="fill:#0F3239"
      width="5"
      x="5"
      y="70"
    />
    <rect
      class="pixeleasier-pixel"
      height="5"
      style="fill:#426AB0"
      width="5"
      x="10"
      y="70"
    />
    <rect
      class="pixeleasier-pixel"
      height="5"
      style="fill:#426AB0"
      width="5"
      x="15"
      y="70"
    />
    <rect
      class="pixeleasier-pixel"
      height="5"
      style="fill:#426AB0"
      width="5"
      x="20"
      y="70"
    />
    <rect
      class="pixeleasier-pixel"
      height="5"
      style="fill:#0F3239"
      width="5"
      x="25"
      y="70"
    />
    <rect
      class="pixeleasier-pixel"
      height="5"
      style="fill:#0F3239"
      width="5"
      x="30"
      y="70"
    />
    <rect
      class="pixeleasier-pixel"
      height="5"
      style="fill:#0F3239"
      width="5"
      x="35"
      y="70"
    />
    <rect
      class="pixeleasier-pixel"
      height="5"
      style="fill:#0F3239"
      width="5"
      x="40"
      y="70"
    />
    <rect
      class="pixeleasier-pixel"
      height="5"
      style="fill:#426AB0"
      width="5"
      x="45"
      y="70"
    />
    <rect
      class="pixeleasier-pixel"
      height="5"
      style="fill:#426AB0"
      width="5"
      x="50"
      y="70"
    />
    <rect
      class="pixeleasier-pixel"
      height="5"
      style="fill:#426AB0"
      width="5"
      x="55"
      y="70"
    />
    <rect
      class="pixeleasier-pixel"
      height="5"
      style="fill:#0F3239"
      width="5"
      x="60"
      y="70"
    />
    <rect
      class="pixeleasier-pixel"
      height="5"
      style="fill:transparent"
      width="5"
      x="65"
      y="70"
    />
    <rect
      class="pixeleasier-pixel"
      height="5"
      style="fill:transparent"
      width="5"
      x="0"
      y="75"
    />
    <rect
      class="pixeleasier-pixel"
      height="5"
      style="fill:transparent"
      width="5"
      x="5"
      y="75"
    />
    <rect
      class="pixeleasier-pixel"
      height="5"
      style="fill:#0F3239"
      width="5"
      x="10"
      y="75"
    />
    <rect
      class="pixeleasier-pixel"
      height="5"
      style="fill:#0F3239"
      width="5"
      x="15"
      y="75"
    />
    <rect
      class="pixeleasier-pixel"
      height="5"
      style="fill:#0F3239"
      width="5"
      x="20"
      y="75"
    />
    <rect
      class="pixeleasier-pixel"
      height="5"
      style="fill:transparent"
      width="5"
      x="25"
      y="75"
    />
    <rect
      class="pixeleasier-pixel"
      height="5"
      style="fill:transparent"
      width="5"
      x="30"
      y="75"
    />
    <rect
      class="pixeleasier-pixel"
      height="5"
      style="fill:transparent"
      width="5"
      x="35"
      y="75"
    />
    <rect
      class="pixeleasier-pixel"
      height="5"
      style="fill:transparent"
      width="5"
      x="40"
      y="75"
    />
    <rect
      class="pixeleasier-pixel"
      height="5"
      style="fill:#0F3239"
      width="5"
      x="45"
      y="75"
    />
    <rect
      class="pixeleasier-pixel"
      height="5"
      style="fill:#0F3239"
      width="5"
      x="50"
      y="75"
    />
    <rect
      class="pixeleasier-pixel"
      height="5"
      style="fill:#0F3239"
      width="5"
      x="55"
      y="75"
    />
    <rect
      class="pixeleasier-pixel"
      height="5"
      style="fill:transparent"
      width="5"
      x="60"
      y="75"
    />
    <rect
      class="pixeleasier-pixel"
      height="5"
      style="fill:transparent"
      width="5"
      x="65"
      y="75"
    />
  </svg>
</div>
`;

exports[`PixeleasierSVG should render a PixeleasierSVG empty component 1`] = `
<div
  class="pixeleasier-container"
>
  <svg
    class="pixeleasier-draw"
    height="10"
    width="0"
  />
</div>
`;
